// Jest Snapshot v1, https://goo.gl/fbAQLP

exports[`Snapshots AudienceChart [TESTED] Should render 1`] = `
<span>
  <div
    style={
      Object {
        "width": "750px",
      }
    }
  >
    <div
      className="sc-jKJlTe hrcOlX"
    >
      <header
        className="sc-eNQAEJ heJaNC"
      >
        <h2
          className="sc-hMqMXs klQmSI"
        >
          <span
            style={
              Object {
                "color": "#323b43",
                "fontFamily": "\\"Roboto\\", sans-serif",
                "fontSize": "1.25rem",
                "fontWeight": 600,
              }
            }
          >
            Engagement and audience
          </span>
        </h2>
      </header>
      <div
        className="sc-hSdWYo geGhkG"
      >
        <div>
          <div
            className="sc-iAyFgw jojIVQ"
          >
            <div
              className="dropdown dropdownContainer"
              style={
                Object {
                  "marginLeft": "",
                  "marginRight": "",
                }
              }
            >
              <a
                className="dropdown__trigger dropdownTrigger"
                onClick={[Function]}
                style={
                  Object {
                    "display": "flex",
                    "height": "",
                  }
                }
              >
                <span
                  style={
                    Object {
                      "background": "#fda3f3",
                      "borderColor": "#df85d5",
                      "borderRadius": "0px",
                      "borderStyle": "solid",
                      "borderWidth": "1px",
                      "display": "inline-block",
                      "height": "7px",
                      "marginRight": "5px",
                      "verticalAlign": "baseline",
                      "width": "7px",
                    }
                  }
                />
                <span
                  style={
                    Object {
                      "color": "#323b43",
                      "fontFamily": "\\"Roboto\\", sans-serif",
                      "fontSize": "0.75rem",
                      "fontWeight": 500,
                    }
                  }
                >
                  Engagement
                </span>
                <span
                  style={
                    Object {
                      "marginLeft": "auto",
                      "pointerEvents": "none",
                    }
                  }
                >
                  <svg
                    height="100%"
                    style={
                      Object {
                        "fill": "#59626a",
                        "height": "0.75rem",
                        "width": "0.75rem",
                      }
                    }
                    version="1.1"
                    viewBox="0 0 16 16"
                    width="100%"
                    xmlns="http://www.w3.org/2000/svg"
                    xmlnsXlink="http://www.w3.org/1999/xlink"
                  >
                    <g
                      className="shuttleGray"
                    >
                      <path
                        d="M4.90573685,4.61438297 C4.5159485,4.22537555 4.51510793,3.59709045 4.90996552,3.20500565 L4.90996552,3.20500565 C5.30208929,2.81563546 5.93536183,2.81786315 6.32490003,3.21046581 L11.2750374,8.19954548 C11.6643604,8.59193123 11.6645756,9.22591178 11.2750374,9.61606213 L6.32490003,14.5739785 C5.93557705,14.9639132 5.3048231,14.9648641 4.90996552,14.5699959 L4.90996552,14.5699959 C4.51784174,14.1778616 4.51273549,13.5497061 4.9163418,13.1493324 L8.84038203,9.25672113 C9.03897712,9.05971665 9.04484713,8.74520064 8.84038203,8.54114518 L4.90573685,4.61438297 Z"
                        transform="translate(8.089966, 8.890003) scale(-1, 1) rotate(-270.000000) translate(-8.089966, -8.890003) "
                      />
                    </g>
                  </svg>
                </span>
              </a>
              <div
                className="dropdown__content dropdownContent"
              >
                <ul
                  className="dropdownList"
                >
                  <li
                    className="dropdownListItem"
                  >
                    <button
                      aria-label={null}
                      disabled={undefined}
                      onBlur={[Function]}
                      onClick={[Function]}
                      onFocus={[Function]}
                      onMouseEnter={[Function]}
                      onMouseLeave={[Function]}
                      style={
                        Object {
                          "background": "none",
                          "backgroundColor": "unset",
                          "border": "none",
                          "borderRadius": "unset",
                          "color": "unset",
                          "cursor": "pointer",
                          "display": "unset",
                          "fontFamily": "unset",
                          "fontSize": "unset",
                          "fontWeight": "unset",
                          "lineHeight": "unset",
                          "margin": "unset",
                          "outline": "none",
                          "padding": 0,
                          "transition": "unset",
                        }
                      }
                    >
                      <span
                        style={
                          Object {
                            "alignItems": "center",
                            "boxSizing": "border-box",
                            "display": "flex",
                            "padding": "5px 10px",
                            "position": "relative",
                            "width": "15.5rem",
                          }
                        }
                      >
                        <span
                          style={
                            Object {
                              "background": "#fda3f3",
                              "borderColor": "#df85d5",
                              "borderRadius": "0px",
                              "borderStyle": "solid",
                              "borderWidth": "1px",
                              "display": "inline-block",
                              "height": "7px",
                              "marginRight": "5px",
                              "verticalAlign": "baseline",
                              "width": "7px",
                            }
                          }
                        />
                        <span
                          style={
                            Object {
                              "color": "#59626a",
                              "fontFamily": "\\"Roboto\\", sans-serif",
                              "fontSize": "0.75rem",
                              "fontWeight": 400,
                            }
                          }
                        >
                          Engagement
                        </span>
                        <div
                          style={
                            Object {
                              "marginLeft": "auto",
                            }
                          }
                        >
                          <svg
                            height="100%"
                            style={
                              Object {
                                "fill": "#168eea",
                                "height": "1rem",
                                "width": "1rem",
                              }
                            }
                            version="1.1"
                            viewBox="0 0 16 16"
                            width="100%"
                            xmlns="http://www.w3.org/2000/svg"
                            xmlnsXlink="http://www.w3.org/1999/xlink"
                          >
                            <g
                              className="curiousBlue"
                            >
                              <path
                                d="M5,12 C5,11.4477153 5.44335318,11 6.0093689,11 L9,11 L9,2.99754465 C9,2.44661595 9.44386482,2 10,2 L10,2 C10.5522847,2 11,2.44483697 11,2.9955775 L11,12.0044225 C11,12.5542648 10.5490248,13 10.009222,13 L5.99077797,13 C5.44358641,13 5,12.5561352 5,12 L5,12 Z"
                                transform="translate(8.000000, 7.500000) rotate(-315.000000) translate(-8.000000, -7.500000) "
                              />
                            </g>
                          </svg>
                        </div>
                      </span>
                    </button>
                  </li>
                </ul>
              </div>
            </div>
            <div
              className="dropdown dropdownContainer"
              style={
                Object {
                  "marginLeft": "0.5rem",
                  "marginRight": "",
                }
              }
            >
              <a
                className="dropdown__trigger dropdownTrigger"
                onClick={[Function]}
                style={
                  Object {
                    "display": "flex",
                    "height": "",
                  }
                }
              >
                <span
                  style={
                    Object {
                      "background": "#98E8B2",
                      "borderColor": "#7aca94",
                      "borderRadius": "10px",
                      "borderStyle": "solid",
                      "borderWidth": "1px",
                      "display": "inline-block",
                      "height": "7px",
                      "marginRight": "5px",
                      "verticalAlign": "baseline",
                      "width": "7px",
                    }
                  }
                />
                <span
                  style={
                    Object {
                      "color": "#323b43",
                      "fontFamily": "\\"Roboto\\", sans-serif",
                      "fontSize": "0.75rem",
                      "fontWeight": 500,
                    }
                  }
                >
                  Impression
                </span>
                <span
                  style={
                    Object {
                      "marginLeft": "auto",
                      "pointerEvents": "none",
                    }
                  }
                >
                  <svg
                    height="100%"
                    style={
                      Object {
                        "fill": "#59626a",
                        "height": "0.75rem",
                        "width": "0.75rem",
                      }
                    }
                    version="1.1"
                    viewBox="0 0 16 16"
                    width="100%"
                    xmlns="http://www.w3.org/2000/svg"
                    xmlnsXlink="http://www.w3.org/1999/xlink"
                  >
                    <g
                      className="shuttleGray"
                    >
                      <path
                        d="M4.90573685,4.61438297 C4.5159485,4.22537555 4.51510793,3.59709045 4.90996552,3.20500565 L4.90996552,3.20500565 C5.30208929,2.81563546 5.93536183,2.81786315 6.32490003,3.21046581 L11.2750374,8.19954548 C11.6643604,8.59193123 11.6645756,9.22591178 11.2750374,9.61606213 L6.32490003,14.5739785 C5.93557705,14.9639132 5.3048231,14.9648641 4.90996552,14.5699959 L4.90996552,14.5699959 C4.51784174,14.1778616 4.51273549,13.5497061 4.9163418,13.1493324 L8.84038203,9.25672113 C9.03897712,9.05971665 9.04484713,8.74520064 8.84038203,8.54114518 L4.90573685,4.61438297 Z"
                        transform="translate(8.089966, 8.890003) scale(-1, 1) rotate(-270.000000) translate(-8.089966, -8.890003) "
                      />
                    </g>
                  </svg>
                </span>
              </a>
              <div
                className="dropdown__content dropdownContent"
              >
                <ul
                  className="dropdownList"
                >
                  <li
                    className="dropdownListItem"
                  >
                    <button
                      aria-label={null}
                      disabled={undefined}
                      onBlur={[Function]}
                      onClick={[Function]}
                      onFocus={[Function]}
                      onMouseEnter={[Function]}
                      onMouseLeave={[Function]}
                      style={
                        Object {
                          "background": "none",
                          "backgroundColor": "unset",
                          "border": "none",
                          "borderRadius": "unset",
                          "color": "unset",
                          "cursor": "pointer",
                          "display": "unset",
                          "fontFamily": "unset",
                          "fontSize": "unset",
                          "fontWeight": "unset",
                          "lineHeight": "unset",
                          "margin": "unset",
                          "outline": "none",
                          "padding": 0,
                          "transition": "unset",
                        }
                      }
                    >
                      <span
                        style={
                          Object {
                            "alignItems": "center",
                            "boxSizing": "border-box",
                            "display": "flex",
                            "padding": "5px 10px",
                            "position": "relative",
                            "width": "15.5rem",
                          }
                        }
                      >
                        <span
                          style={
                            Object {
                              "background": "#98E8B2",
                              "borderColor": "#7aca94",
                              "borderRadius": "10px",
                              "borderStyle": "solid",
                              "borderWidth": "1px",
                              "display": "inline-block",
                              "height": "7px",
                              "marginRight": "5px",
                              "verticalAlign": "baseline",
                              "width": "7px",
                            }
                          }
                        />
                        <span
                          style={
                            Object {
                              "color": "#59626a",
                              "fontFamily": "\\"Roboto\\", sans-serif",
                              "fontSize": "0.75rem",
                              "fontWeight": 400,
                            }
                          }
                        >
                          Impression
                        </span>
                        <div
                          style={
                            Object {
                              "marginLeft": "auto",
                            }
                          }
                        >
                          <svg
                            height="100%"
                            style={
                              Object {
                                "fill": "#168eea",
                                "height": "1rem",
                                "width": "1rem",
                              }
                            }
                            version="1.1"
                            viewBox="0 0 16 16"
                            width="100%"
                            xmlns="http://www.w3.org/2000/svg"
                            xmlnsXlink="http://www.w3.org/1999/xlink"
                          >
                            <g
                              className="curiousBlue"
                            >
                              <path
                                d="M5,12 C5,11.4477153 5.44335318,11 6.0093689,11 L9,11 L9,2.99754465 C9,2.44661595 9.44386482,2 10,2 L10,2 C10.5522847,2 11,2.44483697 11,2.9955775 L11,12.0044225 C11,12.5542648 10.5490248,13 10.009222,13 L5.99077797,13 C5.44358641,13 5,12.5561352 5,12 L5,12 Z"
                                transform="translate(8.000000, 7.500000) rotate(-315.000000) translate(-8.000000, -7.500000) "
                              />
                            </g>
                          </svg>
                        </div>
                      </span>
                    </button>
                  </li>
                </ul>
              </div>
            </div>
          </div>
          <div
            id="js-dom-to-png-audience"
            style={
              Object {
                "minHeight": "445px",
              }
            }
          >
            <ul
              style={
                Object {
                  "alignItems": "center",
                  "boxSizing": "border-box",
                  "display": "flex",
                  "justifyContent": "center",
                  "listStyle": "none",
                  "padding": "5px 10px",
                  "position": "relative",
                }
              }
            >
              <li
                style={
                  Object {
                    "margin": "0 0.5rem",
                  }
                }
              >
                <span
                  style={
                    Object {
                      "background": "#fda3f3",
                      "borderColor": "#df85d5",
                      "borderRadius": "0px",
                      "borderStyle": "solid",
                      "borderWidth": "1px",
                      "display": "inline-block",
                      "height": "7px",
                      "marginRight": "5px",
                      "verticalAlign": "baseline",
                      "width": "7px",
                    }
                  }
                />
                <span
                  style={
                    Object {
                      "color": "#59626a",
                      "fontFamily": "\\"Roboto\\", sans-serif",
                      "fontSize": "0.875rem",
                      "fontWeight": 400,
                    }
                  }
                >
                  Engagement
                </span>
              </li>
              <li
                style={
                  Object {
                    "margin": "0 0.5rem",
                  }
                }
              >
                <span
                  style={
                    Object {
                      "background": "#98E8B2",
                      "borderColor": "#7aca94",
                      "borderRadius": "10px",
                      "borderStyle": "solid",
                      "borderWidth": "1px",
                      "display": "inline-block",
                      "height": "7px",
                      "marginRight": "5px",
                      "verticalAlign": "baseline",
                      "width": "7px",
                    }
                  }
                />
                <span
                  style={
                    Object {
                      "color": "#59626a",
                      "fontFamily": "\\"Roboto\\", sans-serif",
                      "fontSize": "0.875rem",
                      "fontWeight": 400,
                    }
                  }
                >
                  Impression
                </span>
              </li>
            </ul>
          </div>
        </div>
      </div>
    </div>
  </div>
</span>
`;

exports[`Snapshots AudienceChart [TESTED] should render a "no data" state 1`] = `
<span>
  <div
    style={
      Object {
        "width": "750px",
      }
    }
  />
</span>
`;

exports[`Snapshots AudienceChart [TESTED] should render a loading state 1`] = `
<span>
  <div
    style={
      Object {
        "width": "750px",
      }
    }
  />
</span>
`;
