// Jest Snapshot v1, https://goo.gl/fbAQLP

exports[`Snapshots PDFExportButton a story 1`] = `
<span>
  <span
    className="sc-hMqMXs cKzanU"
  >
    <button
      className="sc-cSHVUG dJhgRF"
      onClick={[Function]}
    >
      <span
        style={
          Object {
            "color": "#59626a",
            "fontFamily": "\\"Roboto\\", sans-serif",
            "fontSize": "0.75rem",
            "fontWeight": 700,
          }
        }
      >
        Export as PDF
      </span>
    </button>
  </span>
</span>
`;
