// Jest Snapshot v1, https://goo.gl/fbAQLP

exports[`Snapshots ExportPicker should be open 1`] = `
<span>
  <div
    className="sc-EHOje WFHAx"
  >
    <button
      className="sc-bdVaJa gFDTaL"
      disabled={false}
      onClick={[Function]}
    >
      <span
        style={
          Object {
            "color": "#59626a",
            "fontFamily": "\\"Roboto\\", sans-serif",
            "fontSize": "0.75rem",
            "fontWeight": 700,
          }
        }
      >
        Export as...
      </span>
      <span
        className="sc-bwzfXH eBBRbA"
      >
        <svg
          height="100%"
          style={
            Object {
              "fill": "#59626a",
              "height": "0.75rem",
              "width": "0.75rem",
            }
          }
          version="1.1"
          viewBox="0 0 16 16"
          width="100%"
          xmlns="http://www.w3.org/2000/svg"
          xmlnsXlink="http://www.w3.org/1999/xlink"
        >
          <g
            className="shuttleGray"
          >
            <path
              d="M4.90573685,3.83437656 C4.5159485,3.44536915 4.51510793,2.81708404 4.90996552,2.42499924 L4.90996552,2.42499924 C5.30208929,2.03562905 5.93536183,2.03785674 6.32490003,2.4304594 L11.2750374,7.41953907 C11.6643604,7.81192483 11.6645756,8.44590538 11.2750374,8.83605572 L6.32490003,13.7939721 C5.93557705,14.1839068 5.3048231,14.1848577 4.90996552,13.7899895 L4.90996552,13.7899895 C4.51784174,13.3978552 4.51273549,12.7696997 4.9163418,12.369326 L8.84038203,8.47671472 C9.03897712,8.27971024 9.04484713,7.96519423 8.84038203,7.76113877 L4.90573685,3.83437656 Z"
              transform="translate(8.089966, 8.109997) scale(-1, -1) rotate(-270.000000) translate(-8.089966, -8.109997) "
            />
          </g>
        </svg>
      </span>
    </button>
    <div
      className="sc-htpNat ekhgTg"
    >
      <ul
        className="sc-bxivhb ktajjB"
      >
        <li
          className="sc-ifAKCX dxTmbG"
          onClick={[Function]}
        >
          <button
            aria-label={null}
            disabled={false}
            onBlur={[Function]}
            onClick={[Function]}
            onFocus={[Function]}
            onMouseEnter={[Function]}
            onMouseLeave={[Function]}
            style={
              Object {
                "background": "none",
                "backgroundColor": "unset",
                "border": "none",
                "borderRadius": "unset",
                "color": "unset",
                "cursor": "pointer",
                "display": "unset",
                "fontFamily": "unset",
                "fontSize": "unset",
                "fontWeight": "unset",
                "lineHeight": "unset",
                "margin": "unset",
                "outline": "none",
                "padding": 0,
                "transition": "unset",
              }
            }
          >
            <span
              style={
                Object {
                  "color": "#59626a",
                  "fontFamily": "\\"Roboto\\", sans-serif",
                  "fontSize": "0.75rem",
                  "fontWeight": 400,
                }
              }
            >
              Export as CSV
            </span>
          </button>
        </li>
        <li
          className="sc-ifAKCX dxTmbG"
          onClick={[Function]}
        >
          <button
            aria-label={null}
            disabled={false}
            onBlur={[Function]}
            onClick={[Function]}
            onFocus={[Function]}
            onMouseEnter={[Function]}
            onMouseLeave={[Function]}
            style={
              Object {
                "background": "none",
                "backgroundColor": "unset",
                "border": "none",
                "borderRadius": "unset",
                "color": "unset",
                "cursor": "pointer",
                "display": "unset",
                "fontFamily": "unset",
                "fontSize": "unset",
                "fontWeight": "unset",
                "lineHeight": "unset",
                "margin": "unset",
                "outline": "none",
                "padding": 0,
                "transition": "unset",
              }
            }
          >
            <span
              style={
                Object {
                  "color": "#59626a",
                  "fontFamily": "\\"Roboto\\", sans-serif",
                  "fontSize": "0.75rem",
                  "fontWeight": 400,
                }
              }
            >
              Export as Images
            </span>
          </button>
        </li>
      </ul>
    </div>
    <div
      className="sc-bZQynM kcEXdg"
      onClick={[Function]}
      role="button"
      tabIndex="0"
    />
  </div>
</span>
`;

exports[`Snapshots ExportPicker should not be open 1`] = `
<span>
  <div
    className="sc-EHOje WFHAx"
  >
    <button
      className="sc-bdVaJa gFDTaL"
      disabled={false}
      onClick={[Function]}
    >
      <span
        style={
          Object {
            "color": "#59626a",
            "fontFamily": "\\"Roboto\\", sans-serif",
            "fontSize": "0.75rem",
            "fontWeight": 700,
          }
        }
      >
        Export as...
      </span>
      <span
        className="sc-bwzfXH eBBRbA"
      >
        <svg
          height="100%"
          style={
            Object {
              "fill": "#59626a",
              "height": "0.75rem",
              "width": "0.75rem",
            }
          }
          version="1.1"
          viewBox="0 0 16 16"
          width="100%"
          xmlns="http://www.w3.org/2000/svg"
          xmlnsXlink="http://www.w3.org/1999/xlink"
        >
          <g
            className="shuttleGray"
          >
            <path
              d="M4.90573685,4.61438297 C4.5159485,4.22537555 4.51510793,3.59709045 4.90996552,3.20500565 L4.90996552,3.20500565 C5.30208929,2.81563546 5.93536183,2.81786315 6.32490003,3.21046581 L11.2750374,8.19954548 C11.6643604,8.59193123 11.6645756,9.22591178 11.2750374,9.61606213 L6.32490003,14.5739785 C5.93557705,14.9639132 5.3048231,14.9648641 4.90996552,14.5699959 L4.90996552,14.5699959 C4.51784174,14.1778616 4.51273549,13.5497061 4.9163418,13.1493324 L8.84038203,9.25672113 C9.03897712,9.05971665 9.04484713,8.74520064 8.84038203,8.54114518 L4.90573685,4.61438297 Z"
              transform="translate(8.089966, 8.890003) scale(-1, 1) rotate(-270.000000) translate(-8.089966, -8.890003) "
            />
          </g>
        </svg>
      </span>
    </button>
    <div
      className="sc-htpNat fhrSjp"
    >
      <ul
        className="sc-bxivhb ktajjB"
      >
        <li
          className="sc-ifAKCX dxTmbG"
          onClick={[Function]}
        >
          <button
            aria-label={null}
            disabled={false}
            onBlur={[Function]}
            onClick={[Function]}
            onFocus={[Function]}
            onMouseEnter={[Function]}
            onMouseLeave={[Function]}
            style={
              Object {
                "background": "none",
                "backgroundColor": "unset",
                "border": "none",
                "borderRadius": "unset",
                "color": "unset",
                "cursor": "pointer",
                "display": "unset",
                "fontFamily": "unset",
                "fontSize": "unset",
                "fontWeight": "unset",
                "lineHeight": "unset",
                "margin": "unset",
                "outline": "none",
                "padding": 0,
                "transition": "unset",
              }
            }
          >
            <span
              style={
                Object {
                  "color": "#59626a",
                  "fontFamily": "\\"Roboto\\", sans-serif",
                  "fontSize": "0.75rem",
                  "fontWeight": 400,
                }
              }
            >
              Export as CSV
            </span>
          </button>
        </li>
        <li
          className="sc-ifAKCX dxTmbG"
          onClick={[Function]}
        >
          <button
            aria-label={null}
            disabled={false}
            onBlur={[Function]}
            onClick={[Function]}
            onFocus={[Function]}
            onMouseEnter={[Function]}
            onMouseLeave={[Function]}
            style={
              Object {
                "background": "none",
                "backgroundColor": "unset",
                "border": "none",
                "borderRadius": "unset",
                "color": "unset",
                "cursor": "pointer",
                "display": "unset",
                "fontFamily": "unset",
                "fontSize": "unset",
                "fontWeight": "unset",
                "lineHeight": "unset",
                "margin": "unset",
                "outline": "none",
                "padding": 0,
                "transition": "unset",
              }
            }
          >
            <span
              style={
                Object {
                  "color": "#59626a",
                  "fontFamily": "\\"Roboto\\", sans-serif",
                  "fontSize": "0.75rem",
                  "fontWeight": 400,
                }
              }
            >
              Export as Images
            </span>
          </button>
        </li>
      </ul>
    </div>
    <div
      className="sc-bZQynM cYzJbb"
      onClick={[Function]}
      role="button"
      tabIndex="0"
    />
  </div>
</span>
`;

exports[`Snapshots ExportPicker should show exporting 1`] = `
<span>
  <div
    className="sc-EHOje WFHAx"
  >
    <button
      className="sc-bdVaJa eckcfy"
      disabled={true}
      onClick={[Function]}
    >
      <span
        style={
          Object {
            "color": "#59626a",
            "fontFamily": "\\"Roboto\\", sans-serif",
            "fontSize": "0.75rem",
            "fontWeight": 700,
          }
        }
      >
        Exporting...
      </span>
      <span
        className="sc-bwzfXH eBBRbA"
      >
        <svg
          height="100%"
          style={
            Object {
              "fill": "#59626a",
              "height": "0.75rem",
              "width": "0.75rem",
            }
          }
          version="1.1"
          viewBox="0 0 16 16"
          width="100%"
          xmlns="http://www.w3.org/2000/svg"
          xmlnsXlink="http://www.w3.org/1999/xlink"
        >
          <g
            className="shuttleGray"
          >
            <path
              d="M4.90573685,4.61438297 C4.5159485,4.22537555 4.51510793,3.59709045 4.90996552,3.20500565 L4.90996552,3.20500565 C5.30208929,2.81563546 5.93536183,2.81786315 6.32490003,3.21046581 L11.2750374,8.19954548 C11.6643604,8.59193123 11.6645756,9.22591178 11.2750374,9.61606213 L6.32490003,14.5739785 C5.93557705,14.9639132 5.3048231,14.9648641 4.90996552,14.5699959 L4.90996552,14.5699959 C4.51784174,14.1778616 4.51273549,13.5497061 4.9163418,13.1493324 L8.84038203,9.25672113 C9.03897712,9.05971665 9.04484713,8.74520064 8.84038203,8.54114518 L4.90573685,4.61438297 Z"
              transform="translate(8.089966, 8.890003) scale(-1, 1) rotate(-270.000000) translate(-8.089966, -8.890003) "
            />
          </g>
        </svg>
      </span>
    </button>
    <div
      className="sc-htpNat fhrSjp"
    >
      <ul
        className="sc-bxivhb ktajjB"
      >
        <li
          className="sc-ifAKCX dxTmbG"
          onClick={[Function]}
        >
          <button
            aria-label={null}
            disabled={false}
            onBlur={[Function]}
            onClick={[Function]}
            onFocus={[Function]}
            onMouseEnter={[Function]}
            onMouseLeave={[Function]}
            style={
              Object {
                "background": "none",
                "backgroundColor": "unset",
                "border": "none",
                "borderRadius": "unset",
                "color": "unset",
                "cursor": "pointer",
                "display": "unset",
                "fontFamily": "unset",
                "fontSize": "unset",
                "fontWeight": "unset",
                "lineHeight": "unset",
                "margin": "unset",
                "outline": "none",
                "padding": 0,
                "transition": "unset",
              }
            }
          >
            <span
              style={
                Object {
                  "color": "#59626a",
                  "fontFamily": "\\"Roboto\\", sans-serif",
                  "fontSize": "0.75rem",
                  "fontWeight": 400,
                }
              }
            >
              Export as CSV
            </span>
          </button>
        </li>
        <li
          className="sc-ifAKCX dxTmbG"
          onClick={[Function]}
        >
          <button
            aria-label={null}
            disabled={false}
            onBlur={[Function]}
            onClick={[Function]}
            onFocus={[Function]}
            onMouseEnter={[Function]}
            onMouseLeave={[Function]}
            style={
              Object {
                "background": "none",
                "backgroundColor": "unset",
                "border": "none",
                "borderRadius": "unset",
                "color": "unset",
                "cursor": "pointer",
                "display": "unset",
                "fontFamily": "unset",
                "fontSize": "unset",
                "fontWeight": "unset",
                "lineHeight": "unset",
                "margin": "unset",
                "outline": "none",
                "padding": 0,
                "transition": "unset",
              }
            }
          >
            <span
              style={
                Object {
                  "color": "#59626a",
                  "fontFamily": "\\"Roboto\\", sans-serif",
                  "fontSize": "0.75rem",
                  "fontWeight": 400,
                }
              }
            >
              Export as Images
            </span>
          </button>
        </li>
      </ul>
    </div>
    <div
      className="sc-bZQynM cYzJbb"
      onClick={[Function]}
      role="button"
      tabIndex="0"
    />
  </div>
</span>
`;
