// Jest Snapshot v1, https://goo.gl/fbAQLP

exports[`Snapshots PostsSummaryTable should render a "no data" state 1`] = `
<span>
  <div
    style={
      Object {
        "width": "750px",
      }
    }
  >
    <div
      style={
        Object {
          "background": "#fff",
          "border": "1px solid #E2E8ED",
          "borderRadius": "5px",
          "boxShadow": "0px 0px 10px rgba(48, 71, 89, 0.05)",
          "margin": "0 0 2rem",
        }
      }
    >
      <header
        className="sc-VigVT kuCSoJ"
      >
        <h2
          className="sc-jTzLTM bckqaj"
        >
          <span
            style={
              Object {
                "color": "#000",
                "fontFamily": "\\"Roboto\\", sans-serif",
                "fontSize": "1.25rem",
                "fontWeight": 500,
              }
            }
          >
            Tweet 
            summary
          </span>
        </h2>
      </header>
      <div
        className="sc-kpOJdX kbEKjm"
        id="js-dom-to-png-posts-summary"
      >
        <div
          className="sc-bdVaJa fWzNTu"
        >
          <div
            className="sc-bwzfXH iNQYMr"
          >
            <div
              className="sc-htpNat lmFxxx"
            />
            <h1
              className="sc-bxivhb hlZJQM"
            >
              <span
                style={
                  Object {
                    "color": "#59626a",
                    "fontFamily": "\\"Roboto\\", sans-serif",
                    "fontSize": "1rem",
                    "fontWeight": 400,
                  }
                }
              >
                There are no analytics for this date range
              </span>
            </h1>
          </div>
        </div>
      </div>
    </div>
  </div>
</span>
`;

exports[`Snapshots PostsSummaryTable should render a loading state 1`] = `
<span>
  <div
    style={
      Object {
        "width": "750px",
      }
    }
  >
    <div
      style={
        Object {
          "background": "#fff",
          "border": "1px solid #E2E8ED",
          "borderRadius": "5px",
          "boxShadow": "0px 0px 10px rgba(48, 71, 89, 0.05)",
          "margin": "0 0 2rem",
        }
      }
    >
      <header
        className="sc-VigVT kuCSoJ"
      >
        <h2
          className="sc-jTzLTM bckqaj"
        >
          <span
            style={
              Object {
                "color": "#000",
                "fontFamily": "\\"Roboto\\", sans-serif",
                "fontSize": "1.25rem",
                "fontWeight": 500,
              }
            }
          >
            Post 
            summary
          </span>
        </h2>
      </header>
      <div
        className="sc-kpOJdX kbEKjm"
        id="js-dom-to-png-posts-summary"
      >
        <div
          style={
            Object {
              "alignItems": "center",
              "background": "rgba(255,255,255,.95)",
              "border": "none",
              "display": "flex",
              "justifyContent": "center",
              "maxHeight": "none",
              "minHeight": "8rem",
              "textAlign": "center",
              "transition": "opacity 350ms ease-in-out",
              "zIndex": 2,
            }
          }
        >
          <div
            style={
              Object {
                "background": "none",
                "borderRadius": "2px",
                "flex": 1,
                "flexDirection": "row",
              }
            }
          >
            <div
              style={
                Object {
                  "textAlign": "center",
                }
              }
            >
              <div
                style={
                  Object {
                    "height": "1rem",
                    "margin": "0 auto 1rem auto",
                    "position": "relative",
                    "width": "1rem",
                  }
                }
              >
                <span>
                  <div
                    style={
                      Object {
                        "height": "1rem",
                        "left": 0,
                        "opacity": 0,
                        "position": "absolute",
                        "top": 0,
                        "transition": "all 1000ms ease-in-out",
                        "width": "1rem",
                      }
                    }
                  >
                    <svg
                      height="100%"
                      style={
                        Object {
                          "fill": "#59626a",
                          "height": "1rem",
                          "width": "1rem",
                        }
                      }
                      version="1.1"
                      viewBox="0 0 16 16"
                      width="100%"
                      xmlns="http://www.w3.org/2000/svg"
                      xmlnsXlink="http://www.w3.org/1999/xlink"
                    >
                      <g
                        className="shuttleGray"
                      >
                        <path
                          d="M1.10241622,4.34038738 L7.75166358,7.40469806 C7.88821853,7.46764349 8.11178147,7.46764349 8.24833642,7.40469806 L14.8975838,4.34038738 C15.0341387,4.27744195 15.0341387,4.17446518 14.8975838,4.11151975 L8.24833642,1.04720908 C8.11178147,0.984263641 7.88821853,0.984263641 7.75166358,1.04720908 L1.10241622,4.11151975 C0.965861261,4.17446518 0.965861261,4.27744195 1.10241622,4.34038738"
                        />
                      </g>
                    </svg>
                  </div>
                </span>
              </div>
              <span
                style={
                  Object {
                    "color": "#59626a",
                    "fontFamily": "\\"Roboto\\", sans-serif",
                    "fontSize": "1rem",
                    "fontWeight": 400,
                  }
                }
              >
                Loading...
              </span>
            </div>
          </div>
        </div>
      </div>
    </div>
  </div>
</span>
`;

exports[`Snapshots PostsSummaryTable should render the posts summary table 1`] = `
<span>
  <div
    style={
      Object {
        "width": "750px",
      }
    }
  >
    <div
      style={
        Object {
          "background": "#fff",
          "border": "1px solid #E2E8ED",
          "borderRadius": "5px",
          "boxShadow": "0px 0px 10px rgba(48, 71, 89, 0.05)",
          "margin": "0 0 2rem",
        }
      }
    >
      <header
        className="sc-VigVT kuCSoJ"
      >
        <h2
          className="sc-jTzLTM bckqaj"
        >
          <span
            style={
              Object {
                "color": "#000",
                "fontFamily": "\\"Roboto\\", sans-serif",
                "fontSize": "1.25rem",
                "fontWeight": 500,
              }
            }
          >
            Post 
            summary
          </span>
        </h2>
      </header>
      <div
        className="sc-kpOJdX kbEKjm"
        id="js-dom-to-png-posts-summary"
      >
        <ul
          className="sc-kGXeez ejFTba"
        >
          <li
            className="sc-ifAKCX ldPJxk"
            width="33.33%"
          >
            <div
              className="sc-EHOje YINzU"
            >
              <span
                style={
                  Object {
                    "display": "block",
                    "fontSize": "0.75rem",
                    "fontWeight": 600,
                    "marginTop": "15px",
                  }
                }
              >
                <span
                  data-tip={null}
                >
                  <span
                    style={
                      Object {
                        "color": "#59626a",
                        "fontFamily": "\\"Roboto\\", sans-serif",
                        "fontSize": "0.75rem",
                        "fontWeight": 400,
                      }
                    }
                  >
                    Posts
                  </span>
                </span>
              </span>
              <div
                className="sc-bZQynM hCNVyQ"
              >
                <span
                  style={
                    Object {
                      "color": "#323b43",
                      "fontFamily": "\\"Roboto\\", sans-serif",
                      "fontSize": "2rem",
                      "fontWeight": 700,
                    }
                  }
                >
                  <span>
                    20
                  </span>
                </span>
                <div>
                  <span
                    style={
                      Object {
                        "display": "inline-block",
                        "height": "1rem",
                        "marginLeft": "10px",
                      }
                    }
                  >
                    <svg
                      height="100%"
                      style={
                        Object {
                          "fill": "#2fd566",
                          "height": "1rem",
                          "width": "1rem",
                        }
                      }
                      version="1.1"
                      viewBox="0 0 16 16"
                      width="100%"
                      xmlns="http://www.w3.org/2000/svg"
                      xmlnsXlink="http://www.w3.org/1999/xlink"
                    >
                      <g
                        className="shamrock"
                      >
                        <path
                          d="M9.14049638,4.2860102 L12.0353395,6.89310549 C12.4537988,7.26996987 13.0967448,7.23809282 13.4772842,6.81536904 C13.855189,6.39557201 13.8172589,5.74519856 13.4038537,5.37288597 L8.83967284,1.26238536 C8.63426816,1.07739793 8.37477499,0.990893877 8.11877778,1.0007568 C7.86278056,0.990893877 7.60328739,1.07739793 7.3978827,1.26238536 L2.83370181,5.37288597 C2.42029668,5.74519856 2.38236657,6.39557201 2.76027134,6.81536904 C3.14081078,7.23809282 3.78375672,7.26996987 4.20221602,6.89310549 L7.09528397,4.28760894 L7.09528397,13.9628717 C7.09528397,14.5341657 7.55312036,14.9879169 8.11789018,14.9879169 C8.68659746,14.9879169 9.14049638,14.5289885 9.14049638,13.9628717 L9.14049638,4.2860102 Z"
                        />
                      </g>
                    </svg>
                  </span>
                  <div
                    style={
                      Object {
                        "color": "#2FD566",
                        "display": "inline-block",
                        "fontSize": "18px",
                        "fontWeight": 600,
                        "marginLeft": "5px",
                      }
                    }
                  >
                    <span>
                      <span
                        style={
                          Object {
                            "color": "shamrock",
                            "fontFamily": "\\"Roboto\\", sans-serif",
                            "fontSize": "1.25rem",
                          }
                        }
                      >
                        <span>
                          5
                        </span>
                        %
                      </span>
                    </span>
                  </div>
                </div>
              </div>
            </div>
          </li>
          <li
            className="sc-ifAKCX ldPJxk"
            width="33.33%"
          >
            <div
              className="sc-EHOje YINzU"
            >
              <span
                style={
                  Object {
                    "display": "block",
                    "fontSize": "0.75rem",
                    "fontWeight": 600,
                    "marginTop": "15px",
                  }
                }
              >
                <span
                  data-tip={null}
                >
                  <span
                    style={
                      Object {
                        "color": "#59626a",
                        "fontFamily": "\\"Roboto\\", sans-serif",
                        "fontSize": "0.75rem",
                        "fontWeight": 400,
                      }
                    }
                  >
                    Post Impressions
                  </span>
                </span>
              </span>
              <div
                className="sc-bZQynM hCNVyQ"
              >
                <span
                  style={
                    Object {
                      "color": "#323b43",
                      "fontFamily": "\\"Roboto\\", sans-serif",
                      "fontSize": "2rem",
                      "fontWeight": 700,
                    }
                  }
                >
                  <span>
                    901
                  </span>
                </span>
                <div>
                  <span
                    style={
                      Object {
                        "display": "inline-block",
                        "height": "1rem",
                        "marginLeft": "10px",
                      }
                    }
                  >
                    <svg
                      height="100%"
                      style={
                        Object {
                          "fill": "#ff1e1e",
                          "height": "1rem",
                          "width": "1rem",
                        }
                      }
                      version="1.1"
                      viewBox="0 0 16 16"
                      width="100%"
                      xmlns="http://www.w3.org/2000/svg"
                      xmlnsXlink="http://www.w3.org/1999/xlink"
                    >
                      <g
                        className="torchRed"
                      >
                        <path
                          d="M9.14049638,4.2860102 L12.0353395,6.89310549 C12.4537988,7.26996987 13.0967448,7.23809282 13.4772842,6.81536904 C13.855189,6.39557201 13.8172589,5.74519856 13.4038537,5.37288597 L8.83967284,1.26238536 C8.63426816,1.07739793 8.37477499,0.990893877 8.11877778,1.0007568 C7.86278056,0.990893877 7.60328739,1.07739793 7.3978827,1.26238536 L2.83370181,5.37288597 C2.42029668,5.74519856 2.38236657,6.39557201 2.76027134,6.81536904 C3.14081078,7.23809282 3.78375672,7.26996987 4.20221602,6.89310549 L7.09528397,4.28760894 L7.09528397,13.9628717 C7.09528397,14.5341657 7.55312036,14.9879169 8.11789018,14.9879169 C8.68659746,14.9879169 9.14049638,14.5289885 9.14049638,13.9628717 L9.14049638,4.2860102 Z"
                          transform="translate(8.118778, 7.993958) scale(1, -1) translate(-8.118778, -7.993958) "
                        />
                      </g>
                    </svg>
                  </span>
                  <div
                    style={
                      Object {
                        "color": "#FF1E1E",
                        "display": "inline-block",
                        "fontSize": "18px",
                        "fontWeight": 600,
                        "marginLeft": "5px",
                      }
                    }
                  >
                    <span>
                      <span
                        style={
                          Object {
                            "color": "torchRed",
                            "fontFamily": "\\"Roboto\\", sans-serif",
                            "fontSize": "1.25rem",
                          }
                        }
                      >
                        <span>
                          39
                        </span>
                        %
                      </span>
                    </span>
                  </div>
                </div>
              </div>
            </div>
          </li>
          <li
            className="sc-ifAKCX ldPJxk"
            width="33.33%"
          >
            <div
              className="sc-EHOje YINzU"
            >
              <span
                style={
                  Object {
                    "display": "block",
                    "fontSize": "0.75rem",
                    "fontWeight": 600,
                    "marginTop": "15px",
                  }
                }
              >
                <span
                  data-tip={null}
                >
                  <span
                    style={
                      Object {
                        "color": "#59626a",
                        "fontFamily": "\\"Roboto\\", sans-serif",
                        "fontSize": "0.75rem",
                        "fontWeight": 400,
                      }
                    }
                  >
                    Post Reach
                  </span>
                </span>
              </span>
              <div
                className="sc-bZQynM hCNVyQ"
              >
                <span
                  style={
                    Object {
                      "color": "#323b43",
                      "fontFamily": "\\"Roboto\\", sans-serif",
                      "fontSize": "2rem",
                      "fontWeight": 700,
                    }
                  }
                >
                  <span>
                    1,010
                  </span>
                </span>
                <div>
                  <span
                    style={
                      Object {
                        "display": "inline-block",
                        "height": "1rem",
                        "marginLeft": "10px",
                      }
                    }
                  >
                    <svg
                      height="100%"
                      style={
                        Object {
                          "fill": "#2fd566",
                          "height": "1rem",
                          "width": "1rem",
                        }
                      }
                      version="1.1"
                      viewBox="0 0 16 16"
                      width="100%"
                      xmlns="http://www.w3.org/2000/svg"
                      xmlnsXlink="http://www.w3.org/1999/xlink"
                    >
                      <g
                        className="shamrock"
                      >
                        <path
                          d="M9.14049638,4.2860102 L12.0353395,6.89310549 C12.4537988,7.26996987 13.0967448,7.23809282 13.4772842,6.81536904 C13.855189,6.39557201 13.8172589,5.74519856 13.4038537,5.37288597 L8.83967284,1.26238536 C8.63426816,1.07739793 8.37477499,0.990893877 8.11877778,1.0007568 C7.86278056,0.990893877 7.60328739,1.07739793 7.3978827,1.26238536 L2.83370181,5.37288597 C2.42029668,5.74519856 2.38236657,6.39557201 2.76027134,6.81536904 C3.14081078,7.23809282 3.78375672,7.26996987 4.20221602,6.89310549 L7.09528397,4.28760894 L7.09528397,13.9628717 C7.09528397,14.5341657 7.55312036,14.9879169 8.11789018,14.9879169 C8.68659746,14.9879169 9.14049638,14.5289885 9.14049638,13.9628717 L9.14049638,4.2860102 Z"
                        />
                      </g>
                    </svg>
                  </span>
                  <div
                    style={
                      Object {
                        "color": "#2FD566",
                        "display": "inline-block",
                        "fontSize": "18px",
                        "fontWeight": 600,
                        "marginLeft": "5px",
                      }
                    }
                  >
                    <span>
                      <span
                        style={
                          Object {
                            "color": "shamrock",
                            "fontFamily": "\\"Roboto\\", sans-serif",
                            "fontSize": "1.25rem",
                          }
                        }
                      >
                        <span>
                          55
                        </span>
                        %
                      </span>
                    </span>
                  </div>
                </div>
              </div>
            </div>
          </li>
          <li
            className="sc-ifAKCX ldPJxk"
            width="33.33%"
          >
            <div
              className="sc-EHOje YINzU"
            >
              <span
                style={
                  Object {
                    "display": "block",
                    "fontSize": "0.75rem",
                    "fontWeight": 600,
                    "marginTop": "15px",
                  }
                }
              >
                <span
                  data-tip={null}
                >
                  <span
                    style={
                      Object {
                        "color": "#59626a",
                        "fontFamily": "\\"Roboto\\", sans-serif",
                        "fontSize": "0.75rem",
                        "fontWeight": 400,
                      }
                    }
                  >
                    Reactions
                  </span>
                </span>
              </span>
              <div
                className="sc-bZQynM hCNVyQ"
              >
                <span
                  style={
                    Object {
                      "color": "#323b43",
                      "fontFamily": "\\"Roboto\\", sans-serif",
                      "fontSize": "2rem",
                      "fontWeight": 700,
                    }
                  }
                >
                  <span>
                    568
                  </span>
                </span>
                <div>
                  <span
                    style={
                      Object {
                        "display": "inline-block",
                        "height": "1rem",
                        "marginLeft": "10px",
                      }
                    }
                  >
                    <svg
                      height="100%"
                      style={
                        Object {
                          "fill": "#ff1e1e",
                          "height": "1rem",
                          "width": "1rem",
                        }
                      }
                      version="1.1"
                      viewBox="0 0 16 16"
                      width="100%"
                      xmlns="http://www.w3.org/2000/svg"
                      xmlnsXlink="http://www.w3.org/1999/xlink"
                    >
                      <g
                        className="torchRed"
                      >
                        <path
                          d="M9.14049638,4.2860102 L12.0353395,6.89310549 C12.4537988,7.26996987 13.0967448,7.23809282 13.4772842,6.81536904 C13.855189,6.39557201 13.8172589,5.74519856 13.4038537,5.37288597 L8.83967284,1.26238536 C8.63426816,1.07739793 8.37477499,0.990893877 8.11877778,1.0007568 C7.86278056,0.990893877 7.60328739,1.07739793 7.3978827,1.26238536 L2.83370181,5.37288597 C2.42029668,5.74519856 2.38236657,6.39557201 2.76027134,6.81536904 C3.14081078,7.23809282 3.78375672,7.26996987 4.20221602,6.89310549 L7.09528397,4.28760894 L7.09528397,13.9628717 C7.09528397,14.5341657 7.55312036,14.9879169 8.11789018,14.9879169 C8.68659746,14.9879169 9.14049638,14.5289885 9.14049638,13.9628717 L9.14049638,4.2860102 Z"
                          transform="translate(8.118778, 7.993958) scale(1, -1) translate(-8.118778, -7.993958) "
                        />
                      </g>
                    </svg>
                  </span>
                  <div
                    style={
                      Object {
                        "color": "#FF1E1E",
                        "display": "inline-block",
                        "fontSize": "18px",
                        "fontWeight": 600,
                        "marginLeft": "5px",
                      }
                    }
                  >
                    <span>
                      <span
                        style={
                          Object {
                            "color": "torchRed",
                            "fontFamily": "\\"Roboto\\", sans-serif",
                            "fontSize": "1.25rem",
                          }
                        }
                      >
                        <span>
                          26
                        </span>
                        %
                      </span>
                    </span>
                  </div>
                </div>
              </div>
            </div>
          </li>
          <li
            className="sc-ifAKCX ldPJxk"
            width="33.33%"
          >
            <div
              className="sc-EHOje YINzU"
            >
              <span
                style={
                  Object {
                    "display": "block",
                    "fontSize": "0.75rem",
                    "fontWeight": 600,
                    "marginTop": "15px",
                  }
                }
              >
                <span
                  data-tip={null}
                >
                  <span
                    style={
                      Object {
                        "color": "#59626a",
                        "fontFamily": "\\"Roboto\\", sans-serif",
                        "fontSize": "0.75rem",
                        "fontWeight": 400,
                      }
                    }
                  >
                    Comments
                  </span>
                </span>
              </span>
              <div
                className="sc-bZQynM hCNVyQ"
              >
                <span
                  style={
                    Object {
                      "color": "#323b43",
                      "fontFamily": "\\"Roboto\\", sans-serif",
                      "fontSize": "2rem",
                      "fontWeight": 700,
                    }
                  }
                >
                  <span>
                    1
                  </span>
                </span>
              </div>
            </div>
          </li>
          <li
            className="sc-ifAKCX ldPJxk"
            width="33.33%"
          >
            <div
              className="sc-EHOje YINzU"
            >
              <span
                style={
                  Object {
                    "display": "block",
                    "fontSize": "0.75rem",
                    "fontWeight": 600,
                    "marginTop": "15px",
                  }
                }
              >
                <span
                  data-tip={null}
                >
                  <span
                    style={
                      Object {
                        "color": "#59626a",
                        "fontFamily": "\\"Roboto\\", sans-serif",
                        "fontSize": "0.75rem",
                        "fontWeight": 400,
                      }
                    }
                  >
                    Shares
                  </span>
                </span>
              </span>
              <div
                className="sc-bZQynM hCNVyQ"
              >
                <span
                  style={
                    Object {
                      "color": "#323b43",
                      "fontFamily": "\\"Roboto\\", sans-serif",
                      "fontSize": "2rem",
                      "fontWeight": 700,
                    }
                  }
                >
                  <span>
                    12
                  </span>
                </span>
                <div>
                  <span
                    style={
                      Object {
                        "display": "inline-block",
                        "height": "1rem",
                        "marginLeft": "10px",
                      }
                    }
                  >
                    <svg
                      height="100%"
                      style={
                        Object {
                          "fill": "#ff1e1e",
                          "height": "1rem",
                          "width": "1rem",
                        }
                      }
                      version="1.1"
                      viewBox="0 0 16 16"
                      width="100%"
                      xmlns="http://www.w3.org/2000/svg"
                      xmlnsXlink="http://www.w3.org/1999/xlink"
                    >
                      <g
                        className="torchRed"
                      >
                        <path
                          d="M9.14049638,4.2860102 L12.0353395,6.89310549 C12.4537988,7.26996987 13.0967448,7.23809282 13.4772842,6.81536904 C13.855189,6.39557201 13.8172589,5.74519856 13.4038537,5.37288597 L8.83967284,1.26238536 C8.63426816,1.07739793 8.37477499,0.990893877 8.11877778,1.0007568 C7.86278056,0.990893877 7.60328739,1.07739793 7.3978827,1.26238536 L2.83370181,5.37288597 C2.42029668,5.74519856 2.38236657,6.39557201 2.76027134,6.81536904 C3.14081078,7.23809282 3.78375672,7.26996987 4.20221602,6.89310549 L7.09528397,4.28760894 L7.09528397,13.9628717 C7.09528397,14.5341657 7.55312036,14.9879169 8.11789018,14.9879169 C8.68659746,14.9879169 9.14049638,14.5289885 9.14049638,13.9628717 L9.14049638,4.2860102 Z"
                          transform="translate(8.118778, 7.993958) scale(1, -1) translate(-8.118778, -7.993958) "
                        />
                      </g>
                    </svg>
                  </span>
                  <div
                    style={
                      Object {
                        "color": "#FF1E1E",
                        "display": "inline-block",
                        "fontSize": "18px",
                        "fontWeight": 600,
                        "marginLeft": "5px",
                      }
                    }
                  >
                    <span>
                      <span
                        style={
                          Object {
                            "color": "torchRed",
                            "fontFamily": "\\"Roboto\\", sans-serif",
                            "fontSize": "1.25rem",
                          }
                        }
                      >
                        <span>
                          1
                        </span>
                        %
                      </span>
                    </span>
                  </div>
                </div>
              </div>
            </div>
          </li>
        </ul>
      </div>
    </div>
  </div>
</span>
`;
